START-OF-LOG: 3.0
CONTEST: TXQP
CATEGORY-OPERATOR: SINGLE-OP
CATEGORY-POWER: LOW
CATEGORY-BAND: ALL
CATEGORY-MODE: CW
CATEGORY-STATION: FIXED
LOCATION: DX
EMAIL: rz3by@hotmail.com
CREATED-BY: TR4W v.4.121.0
CALLSIGN: RG5A
CLAIMED-SCORE: 210
CATEGORY-ASSISTED: ASSISTED
CATEGORY-TRANSMITTER: ONE
OPERATORS: RG5A
CLUB: Russian Contest Club
NAME: Alexander Urzhumtsev
ADDRESS: ul. Timashevskaya, dom 34, selo Moldovka
ADDRESS-CITY: Sochi
ADDRESS-STATE-PROVINCE: Krasnodarskiy kray
ADDRESS-POSTALCODE: 354393
ADDRESS-COUNTRY: Russia
SOAPBOX: TNX 73
GRID-LOCATOR: KN93XL
X-CONTEST: TX-QSO-PARTY
X-CATEGORY-BAND: ALL
X-CATEGORY-MODE: CW
X-CATEGORY-OPERATOR: SINGLE-OP
X-CATEGORY-POWER: LOW
X-CATEGORY-STATION: FIXED
X-LOCATION: DX
X-EMAIL: RZ3BY@HOTMAIL.COM
X-CONTEST: TX-QSO-PARTY
X-CATEGORY-BAND: ALL
X-CATEGORY-MODE: CW
X-CATEGORY-OPERATOR: SINGLE-OP
X-CATEGORY-POWER: LOW
X-CATEGORY-STATION: FIXED
X-LOCATION: DX
X-EMAIL: RZ3BY@HOTMAIL.COM
X-CONTEST: TXQP
X-CATEGORY-OPERATOR: SINGLE-OP
X-CATEGORY-POWER: LOW
X-CATEGORY-BAND: ALL
X-CATEGORY-MODE: CW
X-CATEGORY-STATION: FIXED
X-LOCATION: DX
X-EMAIL: RZ3BY@HOTMAIL.COM
X-CONTEST: TXQP
X-CATEGORY-OPERATOR: SINGLE-OP
X-CATEGORY-POWER: LOW
X-CATEGORY-BAND: ALL
X-CATEGORY-MODE: CW
X-CATEGORY-STATION: FIXED
X-LOCATION: DX
X-EMAIL: RZ3BY@HOTMAIL.COM
X-CONTEST: TXQP
X-CATEGORY-OPERATOR: SINGLE-OP
X-CATEGORY-POWER: LOW
X-CATEGORY-BAND: ALL
X-CATEGORY-MODE: CW
X-CATEGORY-STATION: FIXED
X-LOCATION: DX
X-EMAIL: rz3by@hotmail.com
HQ-CATEGORY: DX Single Op Mixed
HQ-CAT: DX SO
HQ-DATE-RECEIVED: 2026-09-09 21:56:01 GMT
HQ-DATE-SENT: 2026-09-09 21:56:01 GMT
HQ-LOG-DEADLINE: 2026-10-04 20:00:00 GMT
HQ-QUESTIONS: Loc: DX, Pwr: LP, Ops: SO, Mode: CW, Station: FIX
QSO: 21038 CW 2026-09-19 1600 RG5A 599 UA3 N5JJ 599 BZIA
QSO: 21041 CW 2026-09-19 1606 RG5A 599 UA3 K5OT 599 BLAN
QSO: 21033 CW 2026-09-19 1637 RG5A 599 UA3 N5XZ 599 FBEN
QSO: 21039 CW 2026-09-19 1638 RG5A 599 UA3 AJ4F 599 GALV
QSO: 21034 CW 2026-09-19 1645 RG5A 599 UA3 N5TJ 599 HAYS
QSO: 21042 CW 2026-09-19 1704 RG5A 599 UA3 N5RZ 599 GILL
QSO: 14032 CW 2026-09-19 2348 RG5A 599 UA3 K5OT 599 BLAN
QSO: 7031 CW 2026-09-20 0125 RG5A 599 UA3 N5RZ 599 GILL
QSO: 21039 CW 2026-09-20 1727 RG5A 599 UA3 AD5A 599 KEND
QSO: 21034 CW 2026-09-20 1744 RG5A 599 UA3 AE5GT 599 HAYS
END-OF-LOG: